// Jest Snapshot v1, https://goo.gl/fbAQLP

exports[`Testing Spotify Login Page correctly renders 1`] = `
<div
  className="MainScreen"
>
  <div
    className="buttons"
  >
    <button
      aria-label={null}
      className="button btn btn-success"
      onClick={[Function]}
    >
      Create Party
      <small>
         You are the host 
      </small>
    </button>
    <button
      aria-label={null}
      className="button btn btn-danger"
      onClick={[Function]}
    >
      Join Party
      <small>
         Are you near a host? 
      </small>
    </button>
  </div>
</div>
`;
