// Jest Snapshot v1, https://goo.gl/fbAQLP

exports[`Testing Create Party Name Page correctly renders 1`] = `
<div
  className="CreatePartyName"
>
  <div
    class="title"
  >
    <h1>
      Name your party 
    </h1>
  </div>
  <div
    class="enterName"
  >
    <input
      type="text"
      value="Party Name"
    />
  </div>
  <div
    className="buttons"
  >
    <button
      aria-label={null}
      className="button btn btn-success"
      onClick={[Function]}
    >
       Launch Party!
      <small>
         Lets get rockin' 
      </small>
    </button>
  </div>
</div>
`;
